[cinelove.me/template/pc/thiep-cuoi-46.html]
[backblue.gif]
[fade.gif]
[index.html]
[cinelove.me/apple-touch-icon.png]
[cinelove.me/favicon-32x32.png]
[cinelove.me/favicon-16x16.png]
[cinelove.me/_next/static/css/534d19d963ca7a9de7ac.css]
[cinelove.me/_next/static/css/3a12fbab90cd8589e7ac.css]
[cinelove.me/_next/static/chunks/polyfills-42372ed130431b0ae7ac.js]
[cinelove.me/_next/static/chunks/webpack-dc28e43fe2961816e7ac.js]
[cinelove.me/_next/static/chunks/framework-dc5269af09520b77e7ac.js]
[cinelove.me/_next/static/chunks/main-79c22f8fb3fa9a2be7ac.js]
[cinelove.me/_next/static/chunks/pages/_app-f04f9a7241ecab6de7ac.js]
[cinelove.me/_next/static/chunks/efc462c4-9caaa4cc3752feebe7ac.js]
[cinelove.me/_next/static/chunks/e07c49f9-39653a52889c0369e7ac.js]
[cinelove.me/_next/static/chunks/0567a2cb-edb904d8796c146de7ac.js]
[cinelove.me/_next/static/chunks/f90b51d6-cf66b14d678310ade7ac.js]
[cinelove.me/_next/static/chunks/07c2d338-03749d03245fef7de7ac.js]
[cinelove.me/_next/static/chunks/7e42aecb-94f8c450c54b9556e7ac.js]
[cinelove.me/_next/static/chunks/58474bfb-598ad95f2bd762a7e7ac.js]
[cinelove.me/_next/static/chunks/0d186e42-0a000285f8a3e69fe7ac.js]
[cinelove.me/_next/static/chunks/0465ed09-2dd751065c0c5b97e7ac.js]
[cinelove.me/_next/static/chunks/2e6f1b4f-d21c8975df6644ece7ac.js]
[cinelove.me/_next/static/chunks/b258f366-4c1426c026babaeae7ac.js]
[cinelove.me/_next/static/chunks/ccbbfdf4-f22241e35c897c39e7ac.js]
[cinelove.me/_next/static/chunks/6f507d93-211ba53ba048428fe7ac.js]
[cinelove.me/_next/static/chunks/b2096ad0-d2a4df240d5f8172e7ac.js]
[cinelove.me/_next/static/chunks/7ddb3757-f7b5fa59aa005456e7ac.js]
[cinelove.me/_next/static/chunks/c859536c-eb9bcd95f51215d7e7ac.js]
[cinelove.me/_next/static/chunks/45092124-18f5be4337f22ffee7ac.js]
[cinelove.me/_next/static/chunks/489b9f9a-4ea41ee9f8638072e7ac.js]
[cinelove.me/_next/static/chunks/7e580b10-3b298ba8daf9b444e7ac.js]
[cinelove.me/_next/static/chunks/e95b820e-2d38f404ec457b72e7ac.js]
[cinelove.me/_next/static/chunks/2b38e19b-2ce6b2011dbb8ed4e7ac.js]
[cinelove.me/_next/static/chunks/a7cd4083-39bc06c2d5d0b40ae7ac.js]
[cinelove.me/_next/static/chunks/a7e16ef1-12862020fb4d1cf7e7ac.js]
[cinelove.me/_next/static/chunks/8e124ec1-a5b3b43ee4f596c2e7ac.js]
[cinelove.me/_next/static/chunks/8e095c31-7021d3be24865049e7ac.js]
[cinelove.me/_next/static/chunks/5387-2d029fcc8bcf8a22e7ac.js]
[cinelove.me/_next/static/chunks/878-dc61d8fd53b72988e7ac.js]
[cinelove.me/_next/static/chunks/3301-ed1273c899212839e7ac.js]
[cinelove.me/_next/static/chunks/3521-9b966ce7ffd6b01de7ac.js]
[cinelove.me/_next/static/chunks/5306-10b98cc1ed917816e7ac.js]
[cinelove.me/_next/static/chunks/8594-805ca629172a9351e7ac.js]
[cinelove.me/_next/static/chunks/8058-f4218a05d9cbb1c8e7ac.js]
[cinelove.me/_next/static/chunks/5503-90ae7fb22a8d3001e7ac.js]
[cinelove.me/_next/static/chunks/1871-685afeeba2167a60e7ac.js]
[cinelove.me/_next/static/chunks/4669-f37623f1a3a09ec7e7ac.js]
[cinelove.me/_next/static/chunks/9084-ee1b04fbd110e6e0e7ac.js]
[cinelove.me/_next/static/chunks/501-64900655763c8149e7ac.js]
[cinelove.me/_next/static/chunks/1805-44db1cd69178f129e7ac.js]
[cinelove.me/_next/static/chunks/8561-b8b7e9f2da2b2208e7ac.js]
[cinelove.me/_next/static/chunks/8593-0fd73b55b86fa479e7ac.js]
[cinelove.me/_next/static/chunks/6499-dac2887087b4b90de7ac.js]
[cinelove.me/_next/static/chunks/8972-f16ce601b9f3250de7ac.js]
[cinelove.me/_next/static/chunks/5659-e0b0802d2a27facfe7ac.js]
[cinelove.me/_next/static/chunks/7974-ace455025b15d813e7ac.js]
[cinelove.me/_next/static/chunks/7532-90109eacfc173287e7ac.js]
[cinelove.me/_next/static/chunks/916-81c51c4cf4ffcf3de7ac.js]
[cinelove.me/_next/static/chunks/981-44e769ad1b0a921ce7ac.js]
[cinelove.me/_next/static/chunks/4085-fbf97d3ebaeb474de7ac.js]
[cinelove.me/_next/static/chunks/4762-7a607921b0f63d1ce7ac.js]
[cinelove.me/_next/static/chunks/144-153cc2a39cd5916ce7ac.js]
[cinelove.me/_next/static/chunks/4587-e37334ac1fe32ab3e7ac.js]
[cinelove.me/_next/static/chunks/4322-a6b74efe6dd45db8e7ac.js]
[cinelove.me/_next/static/chunks/1103-045affe35cdec9cce7ac.js]
[cinelove.me/_next/static/chunks/2009-f669b77c90a7bb7be7ac.js]
[cinelove.me/_next/static/chunks/7663-74dacec2adc1f603e7ac.js]
[cinelove.me/_next/static/chunks/645-044bd413016dc197e7ac.js]
[cinelove.me/_next/static/chunks/3587-ff64c44677ba6006e7ac.js]
[cinelove.me/_next/static/chunks/5990-2a56bbad0a0c00a7e7ac.js]
[cinelove.me/_next/static/chunks/8575-fa8385db6dccdf0ae7ac.js]
[cinelove.me/_next/static/chunks/7603-929211e8f50e3841e7ac.js]
[cinelove.me/_next/static/chunks/8162-9962c1fa9ecf6f95e7ac.js]
[cinelove.me/_next/static/chunks/7251-3d8eb8c323d57522e7ac.js]
[cinelove.me/_next/static/chunks/1508-c773c9ec8d2e14a0e7ac.js]
[cinelove.me/_next/static/chunks/6264-b1dceb22ff4daa83e7ac.js]
[cinelove.me/_next/static/chunks/6392-a1f2fc6a00012bd4e7ac.js]
[cinelove.me/_next/static/chunks/3873-49cda0979f918004e7ac.js]
[cinelove.me/_next/static/chunks/2599-b6e06a197b08a2e8e7ac.js]
[cinelove.me/_next/static/chunks/1078-01235e3fe09dcffde7ac.js]
[cinelove.me/_next/static/chunks/pages/template/pc/[templateSlug]-c3285eb82e5d3d76e7ac.js]
[cinelove.me/_next/static/67rH8yL_3ITCPUWhYCvC5/_buildManifeste7ac.js]
[cinelove.me/_next/static/67rH8yL_3ITCPUWhYCvC5/_ssgManifeste7ac.js]
[cinelove.me/_next/static/media/gift-box.f417ec86.png]
[cinelove.me/_next/static/media/like.ea5798c7.png]
[assets.cinelove.me/assets/audio-6.png]
[assets.cinelove.me/assets/plugins/calen_heart_1.png]
[cinelove.me/_next/static/media/message.24f9a1e2.png]
[assets.cinelove.me/gifts/thumb/biubiu.png]
[assets.cinelove.me/resources/cropShapes/029_grhum0ffpk.png]
[img.cinelove.me/templates/assets/efd815e3-41ff-4eb3-b31b-c25b202bc08c/4ee06e47-e476-44e6-9e06-15bddc5f569dd7f2.png]
[assets.cinelove.me/templates/assets/efd815e3-41ff-4eb3-b31b-c25b202bc08c/1faee750-3c82-4fdb-badb-f258477bd1c4.png]
[assets.cinelove.me/templates/assets/efd815e3-41ff-4eb3-b31b-c25b202bc08c/a6d0b3c8-29c5-4cfd-b056-90a77cad3837.png]
[assets.cinelove.me/templates/assets/efd815e3-41ff-4eb3-b31b-c25b202bc08c/89df9cd1-5f2a-4dea-ac2d-34bcf25ce777.png]
[assets.cinelove.me/resources/flowchartIcons/9mxwbpkpydry92gg8gumt.png]
[assets.cinelove.me/resources/happiness/0u2unnxalt31wq5tvw74a.png]
[assets.cinelove.me/templates/assets/efd815e3-41ff-4eb3-b31b-c25b202bc08c/1d36da07-8974-4aa7-996f-1a6f2bf78849.png]
[assets.cinelove.me/templates/assets/efd815e3-41ff-4eb3-b31b-c25b202bc08c/a561ec34-f420-4181-8092-848a7703e9a6.jpg]
[assets.cinelove.me/templates/assets/efd815e3-41ff-4eb3-b31b-c25b202bc08c/addc9fe2-e78e-4280-bb08-0c1d2f479de6.png]
[assets.cinelove.me/templates/assets/efd815e3-41ff-4eb3-b31b-c25b202bc08c/27e555f8-c479-40b8-adf8-ab0b96cddca6.png]
[assets.cinelove.me/templates/assets/efd815e3-41ff-4eb3-b31b-c25b202bc08c/ecf70f4f-546e-49d3-a78b-92cfd15fdc89.png]
[assets.cinelove.me/templates/assets/efd815e3-41ff-4eb3-b31b-c25b202bc08c/6c3873c4-4e61-41d7-b6c1-441bcc3f4e06.png]
[assets.cinelove.me/templates/assets/efd815e3-41ff-4eb3-b31b-c25b202bc08c/f409f475-27f9-46fa-8c23-9a5d33045691.png]
[assets.cinelove.me/templates/assets/efd815e3-41ff-4eb3-b31b-c25b202bc08c/03a93321-cb90-49e9-b9fe-1fca5f4f168d.png]
[assets.cinelove.me/templates/assets/efd815e3-41ff-4eb3-b31b-c25b202bc08c/e13442cb-f4d8-4e42-becc-a67a7f99c1ee.png]
[assets.cinelove.me/templates/assets/efd815e3-41ff-4eb3-b31b-c25b202bc08c/016b5d70-8d6b-4f3c-b16c-2d93e447544c.png]
[assets.cinelove.me/templates/assets/efd815e3-41ff-4eb3-b31b-c25b202bc08c/b8f7115c-8a2a-4bba-b404-bb4d7e5fbfd8.jpg]
[assets.cinelove.me/templates/assets/efd815e3-41ff-4eb3-b31b-c25b202bc08c/be6435a9-ec6c-4a04-837f-b37fefbfe30e.jpg]
[assets.cinelove.me/resources/flowchartIcons/bc7ro23uqhun7ge954163l.png]
[img.cinelove.me/templates/assets/efd815e3-41ff-4eb3-b31b-c25b202bc08c/be6435a9-ec6c-4a04-837f-b37fefbfe30e2979.jpg]
[cinelove.me/template/pc/thiep-cuoi-46.html]
[cinelove.me/_next/static/css/534d19d963ca7a9de7ac.css]
[cinelove.me/_next/static/css/3a12fbab90cd8589e7ac.css]
